16:06:01 **** Incremental Build of configuration Debug for project app_osek_debounce ****
make pre-build main-build 
rm ../out/src/*.* ../out/inc/*.* ; php ../osek/generator/generator.php --cmdline -l -v -c ../config.oil -f ../osek/gen/inc/Os_Internal_Cfg.h.php  ../osek/gen/inc/Os_Cfg.h.php  ../osek/gen/src/Os_Cfg.c.php  ../osek/gen/src/Os_Internal_Cfg.c.php  ../osek/gen/src/cortexM4/Os_Internal_Arch_Cfg.c.php ../osek/gen/inc/cortexM4/Os_Internal_Arch_Cfg.h.php -o ../out/

ciaaFirmware RTOS Generator - Copyright 2008, 2009, Mariano Cerdeiro
                              Copyright 2014, ACSE & CADIEEL
         ACSE : http://www.sase.com.ar/asociacion-civil-sistemas-embebidos/ciaa/
         CADIEEL: http://www.cadieel.org.ar

INFO: the generator was called as follow:
INFO: ../osek/generator/generator.php --cmdline -l -v -c ../config.oil -f ../osek/gen/inc/Os_Internal_Cfg.h.php ../osek/gen/inc/Os_Cfg.h.php ../osek/gen/src/Os_Cfg.c.php ../osek/gen/src/Os_Internal_Cfg.c.php ../osek/gen/src/cortexM4/Os_Internal_Arch_Cfg.c.php ../osek/gen/inc/cortexM4/Os_Internal_Arch_Cfg.h.php -o ../out/ 
INFO: ------ LICENSE START ------
INFO: This file is part of CIAA Firmware.
INFO: Redistribution and use in source and binary forms, with or without
INFO: modification, are permitted provided that the following conditions are met:
INFO: 1. Redistributions of source code must retain the above copyright notice,
INFO: this list of conditions and the following disclaimer.
INFO: 2. Redistributions in binary form must reproduce the above copyright notice,
INFO: this list of conditions and the following disclaimer in the documentation
INFO: and/or other materials provided with the distribution.
INFO: 3. Neither the name of the copyright holder nor the names of its
INFO: contributors may be used to endorse or promote products derived from this
INFO: software without specific prior written permission.
INFO: THIS SOFTWARE IS PROVIDED BY THE COPYRIGHT HOLDERS AND CONTRIBUTORS "AS IS"
INFO: AND ANY EXPRESS OR IMPLIED WARRANTIES, INCLUDING, BUT NOT LIMITED TO, THE
INFO: IMPLIED WARRANTIES OF MERCHANTABILITY AND FITNESS FOR A PARTICULAR PURPOSE
INFO: ARE DISCLAIMED. IN NO EVENT SHALL THE COPYRIGHT HOLDER OR CONTRIBUTORS BE
INFO: LIABLE FOR ANY DIRECT, INDIRECT, INCIDENTAL, SPECIAL, EXEMPLARY, OR
INFO: CONSEQUENTIAL DAMAGES (INCLUDING, BUT NOT LIMITED TO, PROCUREMENT OF
INFO: SUBSTITUTE GOODS OR SERVICES; LOSS OF USE, DATA, OR PROFITS; OR BUSINESS
INFO: INTERRUPTION) HOWEVER CAUSED AND ON ANY THEORY OF LIABILITY, WHETHER IN
INFO: CONTRACT, STRICT LIABILITY, OR TORT (INCLUDING NEGLIGENCE OR OTHERWISE)
INFO: ARISING IN ANY WAY OUT OF THE USE OF THIS SOFTWARE, EVEN IF ADVISED OF THE
INFO: POSSIBILITY OF SUCH DAMAGE.
INFO: ------- LICENSE END -------
INFO: list of configuration files:
INFO: configuration file 1: ../config.oil
INFO: list of files to be generated:
INFO: generated file 1: ../osek/gen/inc/Os_Internal_Cfg.h.php
INFO: generated file 2: ../osek/gen/inc/Os_Cfg.h.php
INFO: generated file 3: ../osek/gen/src/Os_Cfg.c.php
INFO: generated file 4: ../osek/gen/src/Os_Internal_Cfg.c.php
INFO: generated file 5: ../osek/gen/src/cortexM4/Os_Internal_Arch_Cfg.c.php
INFO: generated file 6: ../osek/gen/inc/cortexM4/Os_Internal_Arch_Cfg.h.php
INFO: output directory: ../out/
INFO: reading ../config.oil
INFO: generating ../osek/gen/inc/Os_Internal_Cfg.h.php to ../out//inc/Os_Internal_Cfg.h
WARNING: PRETASKHOOK isn't defined on the configuration, set disable as default
WARNING: POSTTASKHOOK isn't defined on the configuration, set disable as default
WARNING: STARTUPHOOK isn't defined on the configuration, set disable as default
WARNING: SHUTDOWNHOOK isn't defined on the configuration, set disable as default
WARNING: USERESSCHEDULER not defined on the configuration, using FALSE as default
INFO: generating ../osek/gen/inc/Os_Cfg.h.php to ../out//inc/Os_Cfg.h
WARNING: MEMMAP configuration not found in FreeOSEK configuration, disabling as default
INFO: generating ../osek/gen/src/Os_Cfg.c.php to ../out//src/Os_Cfg.c
INFO: generating ../osek/gen/src/Os_Internal_Cfg.c.php to ../out//src/Os_Internal_Cfg.c
INFO: generating ../osek/gen/src/cortexM4/Os_Internal_Arch_Cfg.c.php to ../out//src/cortexM4/Os_Internal_Arch_Cfg.c
INFO: generating ../osek/gen/inc/cortexM4/Os_Internal_Arch_Cfg.h.php to ../out//inc/cortexM4/Os_Internal_Arch_Cfg.h
INFO: Generation Finished with WARNINGS: 6 and ERRORS: 0
 
Building file: ../src/osek_debounce.c
Invoking: MCU C Compiler
arm-none-eabi-gcc -D__REDLIB__ -D__CODE_RED -DCPUTYPE=lpc43xx -DARCH=cortexM4 -DCPU=lpc4337 -DCORE_M3 -D__USE_LPCOPEN -D__LPC17XX__ -I"/home/pablo/Dropbox/Privado/3ESE/workspace_osek/app_osek_debounce/inc" -I"/home/pablo/Dropbox/Privado/3ESE/workspace_osek/app_osek_debounce/osek/inc" -I"/home/pablo/Dropbox/Privado/3ESE/workspace_osek/app_osek_debounce/osek/inc/cortexM4" -I"/home/pablo/Dropbox/Privado/3ESE/workspace_osek/app_osek_debounce/osek/inc/cortexM4/lpc43xx" -I"/home/pablo/Dropbox/Privado/3ESE/workspace_osek/app_osek_debounce/out/inc" -I"/home/pablo/Dropbox/Privado/3ESE/workspace_osek/app_osek_debounce/out/inc/cortexM4" -I"/home/pablo/Dropbox/Privado/3ESE/workspace_osek/lpc_board_nxp_lpcxpresso_1769/inc" -I"/home/pablo/Dropbox/Privado/3ESE/workspace_osek/lpc_chip_175x_6x/inc" -Og -g3 -Wall -c -fmessage-length=0 -mcpu=cortex-m3 -mthumb -specs=redlib.specs -MMD -MP -MF"src/osek_debounce.d" -MT"src/osek_debounce.o" -MT"src/osek_debounce.d" -o "src/osek_debounce.o" "../src/osek_debounce.c"
Finished building: ../src/osek_debounce.c
 
Building file: ../out/src/cortexM4/Os_Internal_Arch_Cfg.c
Invoking: MCU C Compiler
arm-none-eabi-gcc -D__REDLIB__ -D__CODE_RED -DCPUTYPE=lpc43xx -DARCH=cortexM4 -DCPU=lpc4337 -DCORE_M3 -D__USE_LPCOPEN -D__LPC17XX__ -I"/home/pablo/Dropbox/Privado/3ESE/workspace_osek/app_osek_debounce/inc" -I"/home/pablo/Dropbox/Privado/3ESE/workspace_osek/app_osek_debounce/osek/inc" -I"/home/pablo/Dropbox/Privado/3ESE/workspace_osek/app_osek_debounce/osek/inc/cortexM4" -I"/home/pablo/Dropbox/Privado/3ESE/workspace_osek/app_osek_debounce/osek/inc/cortexM4/lpc43xx" -I"/home/pablo/Dropbox/Privado/3ESE/workspace_osek/app_osek_debounce/out/inc" -I"/home/pablo/Dropbox/Privado/3ESE/workspace_osek/app_osek_debounce/out/inc/cortexM4" -I"/home/pablo/Dropbox/Privado/3ESE/workspace_osek/lpc_board_nxp_lpcxpresso_1769/inc" -I"/home/pablo/Dropbox/Privado/3ESE/workspace_osek/lpc_chip_175x_6x/inc" -Og -g3 -Wall -c -fmessage-length=0 -mcpu=cortex-m3 -mthumb -specs=redlib.specs -MMD -MP -MF"out/src/cortexM4/Os_Internal_Arch_Cfg.d" -MT"out/src/cortexM4/Os_Internal_Arch_Cfg.o" -MT"out/src/cortexM4/Os_Internal_Arch_Cfg.d" -o "out/src/cortexM4/Os_Internal_Arch_Cfg.o" "../out/src/cortexM4/Os_Internal_Arch_Cfg.c"
Finished building: ../out/src/cortexM4/Os_Internal_Arch_Cfg.c
 
Building file: ../out/src/Os_Cfg.c
Invoking: MCU C Compiler
arm-none-eabi-gcc -D__REDLIB__ -D__CODE_RED -DCPUTYPE=lpc43xx -DARCH=cortexM4 -DCPU=lpc4337 -DCORE_M3 -D__USE_LPCOPEN -D__LPC17XX__ -I"/home/pablo/Dropbox/Privado/3ESE/workspace_osek/app_osek_debounce/inc" -I"/home/pablo/Dropbox/Privado/3ESE/workspace_osek/app_osek_debounce/osek/inc" -I"/home/pablo/Dropbox/Privado/3ESE/workspace_osek/app_osek_debounce/osek/inc/cortexM4" -I"/home/pablo/Dropbox/Privado/3ESE/workspace_osek/app_osek_debounce/osek/inc/cortexM4/lpc43xx" -I"/home/pablo/Dropbox/Privado/3ESE/workspace_osek/app_osek_debounce/out/inc" -I"/home/pablo/Dropbox/Privado/3ESE/workspace_osek/app_osek_debounce/out/inc/cortexM4" -I"/home/pablo/Dropbox/Privado/3ESE/workspace_osek/lpc_board_nxp_lpcxpresso_1769/inc" -I"/home/pablo/Dropbox/Privado/3ESE/workspace_osek/lpc_chip_175x_6x/inc" -Og -g3 -Wall -c -fmessage-length=0 -mcpu=cortex-m3 -mthumb -specs=redlib.specs -MMD -MP -MF"out/src/Os_Cfg.d" -MT"out/src/Os_Cfg.o" -MT"out/src/Os_Cfg.d" -o "out/src/Os_Cfg.o" "../out/src/Os_Cfg.c"
Finished building: ../out/src/Os_Cfg.c
 
Building file: ../out/src/Os_Internal_Cfg.c
Invoking: MCU C Compiler
arm-none-eabi-gcc -D__REDLIB__ -D__CODE_RED -DCPUTYPE=lpc43xx -DARCH=cortexM4 -DCPU=lpc4337 -DCORE_M3 -D__USE_LPCOPEN -D__LPC17XX__ -I"/home/pablo/Dropbox/Privado/3ESE/workspace_osek/app_osek_debounce/inc" -I"/home/pablo/Dropbox/Privado/3ESE/workspace_osek/app_osek_debounce/osek/inc" -I"/home/pablo/Dropbox/Privado/3ESE/workspace_osek/app_osek_debounce/osek/inc/cortexM4" -I"/home/pablo/Dropbox/Privado/3ESE/workspace_osek/app_osek_debounce/osek/inc/cortexM4/lpc43xx" -I"/home/pablo/Dropbox/Privado/3ESE/workspace_osek/app_osek_debounce/out/inc" -I"/home/pablo/Dropbox/Privado/3ESE/workspace_osek/app_osek_debounce/out/inc/cortexM4" -I"/home/pablo/Dropbox/Privado/3ESE/workspace_osek/lpc_board_nxp_lpcxpresso_1769/inc" -I"/home/pablo/Dropbox/Privado/3ESE/workspace_osek/lpc_chip_175x_6x/inc" -Og -g3 -Wall -c -fmessage-length=0 -mcpu=cortex-m3 -mthumb -specs=redlib.specs -MMD -MP -MF"out/src/Os_Internal_Cfg.d" -MT"out/src/Os_Internal_Cfg.o" -MT"out/src/Os_Internal_Cfg.d" -o "out/src/Os_Internal_Cfg.o" "../out/src/Os_Internal_Cfg.c"
Finished building: ../out/src/Os_Internal_Cfg.c
 
Building file: ../osek/src/cortexM4/Os_Arch.c
Invoking: MCU C Compiler
arm-none-eabi-gcc -D__REDLIB__ -D__CODE_RED -DCPUTYPE=lpc43xx -DARCH=cortexM4 -DCPU=lpc4337 -DCORE_M3 -D__USE_LPCOPEN -D__LPC17XX__ -I"/home/pablo/Dropbox/Privado/3ESE/workspace_osek/app_osek_debounce/inc" -I"/home/pablo/Dropbox/Privado/3ESE/workspace_osek/app_osek_debounce/osek/inc" -I"/home/pablo/Dropbox/Privado/3ESE/workspace_osek/app_osek_debounce/osek/inc/cortexM4" -I"/home/pablo/Dropbox/Privado/3ESE/workspace_osek/app_osek_debounce/osek/inc/cortexM4/lpc43xx" -I"/home/pablo/Dropbox/Privado/3ESE/workspace_osek/app_osek_debounce/out/inc" -I"/home/pablo/Dropbox/Privado/3ESE/workspace_osek/app_osek_debounce/out/inc/cortexM4" -I"/home/pablo/Dropbox/Privado/3ESE/workspace_osek/lpc_board_nxp_lpcxpresso_1769/inc" -I"/home/pablo/Dropbox/Privado/3ESE/workspace_osek/lpc_chip_175x_6x/inc" -Og -g3 -Wall -c -fmessage-length=0 -mcpu=cortex-m3 -mthumb -specs=redlib.specs -MMD -MP -MF"osek/src/cortexM4/Os_Arch.d" -MT"osek/src/cortexM4/Os_Arch.o" -MT"osek/src/cortexM4/Os_Arch.d" -o "osek/src/cortexM4/Os_Arch.o" "../osek/src/cortexM4/Os_Arch.c"
Finished building: ../osek/src/cortexM4/Os_Arch.c
 
Building file: ../osek/src/cortexM4/Os_Internal_Arch.c
Invoking: MCU C Compiler
arm-none-eabi-gcc -D__REDLIB__ -D__CODE_RED -DCPUTYPE=lpc43xx -DARCH=cortexM4 -DCPU=lpc4337 -DCORE_M3 -D__USE_LPCOPEN -D__LPC17XX__ -I"/home/pablo/Dropbox/Privado/3ESE/workspace_osek/app_osek_debounce/inc" -I"/home/pablo/Dropbox/Privado/3ESE/workspace_osek/app_osek_debounce/osek/inc" -I"/home/pablo/Dropbox/Privado/3ESE/workspace_osek/app_osek_debounce/osek/inc/cortexM4" -I"/home/pablo/Dropbox/Privado/3ESE/workspace_osek/app_osek_debounce/osek/inc/cortexM4/lpc43xx" -I"/home/pablo/Dropbox/Privado/3ESE/workspace_osek/app_osek_debounce/out/inc" -I"/home/pablo/Dropbox/Privado/3ESE/workspace_osek/app_osek_debounce/out/inc/cortexM4" -I"/home/pablo/Dropbox/Privado/3ESE/workspace_osek/lpc_board_nxp_lpcxpresso_1769/inc" -I"/home/pablo/Dropbox/Privado/3ESE/workspace_osek/lpc_chip_175x_6x/inc" -Og -g3 -Wall -c -fmessage-length=0 -mcpu=cortex-m3 -mthumb -specs=redlib.specs -MMD -MP -MF"osek/src/cortexM4/Os_Internal_Arch.d" -MT"osek/src/cortexM4/Os_Internal_Arch.o" -MT"osek/src/cortexM4/Os_Internal_Arch.d" -o "osek/src/cortexM4/Os_Internal_Arch.o" "../osek/src/cortexM4/Os_Internal_Arch.c"
Finished building: ../osek/src/cortexM4/Os_Internal_Arch.c
 
Building file: ../osek/src/cortexM4/StartOs_Arch.c
Invoking: MCU C Compiler
arm-none-eabi-gcc -D__REDLIB__ -D__CODE_RED -DCPUTYPE=lpc43xx -DARCH=cortexM4 -DCPU=lpc4337 -DCORE_M3 -D__USE_LPCOPEN -D__LPC17XX__ -I"/home/pablo/Dropbox/Privado/3ESE/workspace_osek/app_osek_debounce/inc" -I"/home/pablo/Dropbox/Privado/3ESE/workspace_osek/app_osek_debounce/osek/inc" -I"/home/pablo/Dropbox/Privado/3ESE/workspace_osek/app_osek_debounce/osek/inc/cortexM4" -I"/home/pablo/Dropbox/Privado/3ESE/workspace_osek/app_osek_debounce/osek/inc/cortexM4/lpc43xx" -I"/home/pablo/Dropbox/Privado/3ESE/workspace_osek/app_osek_debounce/out/inc" -I"/home/pablo/Dropbox/Privado/3ESE/workspace_osek/app_osek_debounce/out/inc/cortexM4" -I"/home/pablo/Dropbox/Privado/3ESE/workspace_osek/lpc_board_nxp_lpcxpresso_1769/inc" -I"/home/pablo/Dropbox/Privado/3ESE/workspace_osek/lpc_chip_175x_6x/inc" -Og -g3 -Wall -c -fmessage-length=0 -mcpu=cortex-m3 -mthumb -specs=redlib.specs -MMD -MP -MF"osek/src/cortexM4/StartOs_Arch.d" -MT"osek/src/cortexM4/StartOs_Arch.o" -MT"osek/src/cortexM4/StartOs_Arch.d" -o "osek/src/cortexM4/StartOs_Arch.o" "../osek/src/cortexM4/StartOs_Arch.c"
Finished building: ../osek/src/cortexM4/StartOs_Arch.c
 
Building file: ../osek/src/ActivateTask.c
Invoking: MCU C Compiler
arm-none-eabi-gcc -D__REDLIB__ -D__CODE_RED -DCPUTYPE=lpc43xx -DARCH=cortexM4 -DCPU=lpc4337 -DCORE_M3 -D__USE_LPCOPEN -D__LPC17XX__ -I"/home/pablo/Dropbox/Privado/3ESE/workspace_osek/app_osek_debounce/inc" -I"/home/pablo/Dropbox/Privado/3ESE/workspace_osek/app_osek_debounce/osek/inc" -I"/home/pablo/Dropbox/Privado/3ESE/workspace_osek/app_osek_debounce/osek/inc/cortexM4" -I"/home/pablo/Dropbox/Privado/3ESE/workspace_osek/app_osek_debounce/osek/inc/cortexM4/lpc43xx" -I"/home/pablo/Dropbox/Privado/3ESE/workspace_osek/app_osek_debounce/out/inc" -I"/home/pablo/Dropbox/Privado/3ESE/workspace_osek/app_osek_debounce/out/inc/cortexM4" -I"/home/pablo/Dropbox/Privado/3ESE/workspace_osek/lpc_board_nxp_lpcxpresso_1769/inc" -I"/home/pablo/Dropbox/Privado/3ESE/workspace_osek/lpc_chip_175x_6x/inc" -Og -g3 -Wall -c -fmessage-length=0 -mcpu=cortex-m3 -mthumb -specs=redlib.specs -MMD -MP -MF"osek/src/ActivateTask.d" -MT"osek/src/ActivateTask.o" -MT"osek/src/ActivateTask.d" -o "osek/src/ActivateTask.o" "../osek/src/ActivateTask.c"
Finished building: ../osek/src/ActivateTask.c
 
Building file: ../osek/src/CancelAlarm.c
Invoking: MCU C Compiler
arm-none-eabi-gcc -D__REDLIB__ -D__CODE_RED -DCPUTYPE=lpc43xx -DARCH=cortexM4 -DCPU=lpc4337 -DCORE_M3 -D__USE_LPCOPEN -D__LPC17XX__ -I"/home/pablo/Dropbox/Privado/3ESE/workspace_osek/app_osek_debounce/inc" -I"/home/pablo/Dropbox/Privado/3ESE/workspace_osek/app_osek_debounce/osek/inc" -I"/home/pablo/Dropbox/Privado/3ESE/workspace_osek/app_osek_debounce/osek/inc/cortexM4" -I"/home/pablo/Dropbox/Privado/3ESE/workspace_osek/app_osek_debounce/osek/inc/cortexM4/lpc43xx" -I"/home/pablo/Dropbox/Privado/3ESE/workspace_osek/app_osek_debounce/out/inc" -I"/home/pablo/Dropbox/Privado/3ESE/workspace_osek/app_osek_debounce/out/inc/cortexM4" -I"/home/pablo/Dropbox/Privado/3ESE/workspace_osek/lpc_board_nxp_lpcxpresso_1769/inc" -I"/home/pablo/Dropbox/Privado/3ESE/workspace_osek/lpc_chip_175x_6x/inc" -Og -g3 -Wall -c -fmessage-length=0 -mcpu=cortex-m3 -mthumb -specs=redlib.specs -MMD -MP -MF"osek/src/CancelAlarm.d" -MT"osek/src/CancelAlarm.o" -MT"osek/src/CancelAlarm.d" -o "osek/src/CancelAlarm.o" "../osek/src/CancelAlarm.c"
Finished building: ../osek/src/CancelAlarm.c
 
Building file: ../osek/src/ChainTask.c
Invoking: MCU C Compiler
arm-none-eabi-gcc -D__REDLIB__ -D__CODE_RED -DCPUTYPE=lpc43xx -DARCH=cortexM4 -DCPU=lpc4337 -DCORE_M3 -D__USE_LPCOPEN -D__LPC17XX__ -I"/home/pablo/Dropbox/Privado/3ESE/workspace_osek/app_osek_debounce/inc" -I"/home/pablo/Dropbox/Privado/3ESE/workspace_osek/app_osek_debounce/osek/inc" -I"/home/pablo/Dropbox/Privado/3ESE/workspace_osek/app_osek_debounce/osek/inc/cortexM4" -I"/home/pablo/Dropbox/Privado/3ESE/workspace_osek/app_osek_debounce/osek/inc/cortexM4/lpc43xx" -I"/home/pablo/Dropbox/Privado/3ESE/workspace_osek/app_osek_debounce/out/inc" -I"/home/pablo/Dropbox/Privado/3ESE/workspace_osek/app_osek_debounce/out/inc/cortexM4" -I"/home/pablo/Dropbox/Privado/3ESE/workspace_osek/lpc_board_nxp_lpcxpresso_1769/inc" -I"/home/pablo/Dropbox/Privado/3ESE/workspace_osek/lpc_chip_175x_6x/inc" -Og -g3 -Wall -c -fmessage-length=0 -mcpu=cortex-m3 -mthumb -specs=redlib.specs -MMD -MP -MF"osek/src/ChainTask.d" -MT"osek/src/ChainTask.o" -MT"osek/src/ChainTask.d" -o "osek/src/ChainTask.o" "../osek/src/ChainTask.c"
Finished building: ../osek/src/ChainTask.c
 
Building file: ../osek/src/ClearEvent.c
Invoking: MCU C Compiler
arm-none-eabi-gcc -D__REDLIB__ -D__CODE_RED -DCPUTYPE=lpc43xx -DARCH=cortexM4 -DCPU=lpc4337 -DCORE_M3 -D__USE_LPCOPEN -D__LPC17XX__ -I"/home/pablo/Dropbox/Privado/3ESE/workspace_osek/app_osek_debounce/inc" -I"/home/pablo/Dropbox/Privado/3ESE/workspace_osek/app_osek_debounce/osek/inc" -I"/home/pablo/Dropbox/Privado/3ESE/workspace_osek/app_osek_debounce/osek/inc/cortexM4" -I"/home/pablo/Dropbox/Privado/3ESE/workspace_osek/app_osek_debounce/osek/inc/cortexM4/lpc43xx" -I"/home/pablo/Dropbox/Privado/3ESE/workspace_osek/app_osek_debounce/out/inc" -I"/home/pablo/Dropbox/Privado/3ESE/workspace_osek/app_osek_debounce/out/inc/cortexM4" -I"/home/pablo/Dropbox/Privado/3ESE/workspace_osek/lpc_board_nxp_lpcxpresso_1769/inc" -I"/home/pablo/Dropbox/Privado/3ESE/workspace_osek/lpc_chip_175x_6x/inc" -Og -g3 -Wall -c -fmessage-length=0 -mcpu=cortex-m3 -mthumb -specs=redlib.specs -MMD -MP -MF"osek/src/ClearEvent.d" -MT"osek/src/ClearEvent.o" -MT"osek/src/ClearEvent.d" -o "osek/src/ClearEvent.o" "../osek/src/ClearEvent.c"
Finished building: ../osek/src/ClearEvent.c
 
Building file: ../osek/src/GetActiveApplicationMode.c
Invoking: MCU C Compiler
arm-none-eabi-gcc -D__REDLIB__ -D__CODE_RED -DCPUTYPE=lpc43xx -DARCH=cortexM4 -DCPU=lpc4337 -DCORE_M3 -D__USE_LPCOPEN -D__LPC17XX__ -I"/home/pablo/Dropbox/Privado/3ESE/workspace_osek/app_osek_debounce/inc" -I"/home/pablo/Dropbox/Privado/3ESE/workspace_osek/app_osek_debounce/osek/inc" -I"/home/pablo/Dropbox/Privado/3ESE/workspace_osek/app_osek_debounce/osek/inc/cortexM4" -I"/home/pablo/Dropbox/Privado/3ESE/workspace_osek/app_osek_debounce/osek/inc/cortexM4/lpc43xx" -I"/home/pablo/Dropbox/Privado/3ESE/workspace_osek/app_osek_debounce/out/inc" -I"/home/pablo/Dropbox/Privado/3ESE/workspace_osek/app_osek_debounce/out/inc/cortexM4" -I"/home/pablo/Dropbox/Privado/3ESE/workspace_osek/lpc_board_nxp_lpcxpresso_1769/inc" -I"/home/pablo/Dropbox/Privado/3ESE/workspace_osek/lpc_chip_175x_6x/inc" -Og -g3 -Wall -c -fmessage-length=0 -mcpu=cortex-m3 -mthumb -specs=redlib.specs -MMD -MP -MF"osek/src/GetActiveApplicationMode.d" -MT"osek/src/GetActiveApplicationMode.o" -MT"osek/src/GetActiveApplicationMode.d" -o "osek/src/GetActiveApplicationMode.o" "../osek/src/GetActiveApplicationMode.c"
Finished building: ../osek/src/GetActiveApplicationMode.c
 
Building file: ../osek/src/GetAlarm.c
Invoking: MCU C Compiler
arm-none-eabi-gcc -D__REDLIB__ -D__CODE_RED -DCPUTYPE=lpc43xx -DARCH=cortexM4 -DCPU=lpc4337 -DCORE_M3 -D__USE_LPCOPEN -D__LPC17XX__ -I"/home/pablo/Dropbox/Privado/3ESE/workspace_osek/app_osek_debounce/inc" -I"/home/pablo/Dropbox/Privado/3ESE/workspace_osek/app_osek_debounce/osek/inc" -I"/home/pablo/Dropbox/Privado/3ESE/workspace_osek/app_osek_debounce/osek/inc/cortexM4" -I"/home/pablo/Dropbox/Privado/3ESE/workspace_osek/app_osek_debounce/osek/inc/cortexM4/lpc43xx" -I"/home/pablo/Dropbox/Privado/3ESE/workspace_osek/app_osek_debounce/out/inc" -I"/home/pablo/Dropbox/Privado/3ESE/workspace_osek/app_osek_debounce/out/inc/cortexM4" -I"/home/pablo/Dropbox/Privado/3ESE/workspace_osek/lpc_board_nxp_lpcxpresso_1769/inc" -I"/home/pablo/Dropbox/Privado/3ESE/workspace_osek/lpc_chip_175x_6x/inc" -Og -g3 -Wall -c -fmessage-length=0 -mcpu=cortex-m3 -mthumb -specs=redlib.specs -MMD -MP -MF"osek/src/GetAlarm.d" -MT"osek/src/GetAlarm.o" -MT"osek/src/GetAlarm.d" -o "osek/src/GetAlarm.o" "../osek/src/GetAlarm.c"
Finished building: ../osek/src/GetAlarm.c
 
Building file: ../osek/src/GetAlarmBase.c
Invoking: MCU C Compiler
arm-none-eabi-gcc -D__REDLIB__ -D__CODE_RED -DCPUTYPE=lpc43xx -DARCH=cortexM4 -DCPU=lpc4337 -DCORE_M3 -D__USE_LPCOPEN -D__LPC17XX__ -I"/home/pablo/Dropbox/Privado/3ESE/workspace_osek/app_osek_debounce/inc" -I"/home/pablo/Dropbox/Privado/3ESE/workspace_osek/app_osek_debounce/osek/inc" -I"/home/pablo/Dropbox/Privado/3ESE/workspace_osek/app_osek_debounce/osek/inc/cortexM4" -I"/home/pablo/Dropbox/Privado/3ESE/workspace_osek/app_osek_debounce/osek/inc/cortexM4/lpc43xx" -I"/home/pablo/Dropbox/Privado/3ESE/workspace_osek/app_osek_debounce/out/inc" -I"/home/pablo/Dropbox/Privado/3ESE/workspace_osek/app_osek_debounce/out/inc/cortexM4" -I"/home/pablo/Dropbox/Privado/3ESE/workspace_osek/lpc_board_nxp_lpcxpresso_1769/inc" -I"/home/pablo/Dropbox/Privado/3ESE/workspace_osek/lpc_chip_175x_6x/inc" -Og -g3 -Wall -c -fmessage-length=0 -mcpu=cortex-m3 -mthumb -specs=redlib.specs -MMD -MP -MF"osek/src/GetAlarmBase.d" -MT"osek/src/GetAlarmBase.o" -MT"osek/src/GetAlarmBase.d" -o "osek/src/GetAlarmBase.o" "../osek/src/GetAlarmBase.c"
Finished building: ../osek/src/GetAlarmBase.c
 
Building file: ../osek/src/GetEvent.c
Invoking: MCU C Compiler
arm-none-eabi-gcc -D__REDLIB__ -D__CODE_RED -DCPUTYPE=lpc43xx -DARCH=cortexM4 -DCPU=lpc4337 -DCORE_M3 -D__USE_LPCOPEN -D__LPC17XX__ -I"/home/pablo/Dropbox/Privado/3ESE/workspace_osek/app_osek_debounce/inc" -I"/home/pablo/Dropbox/Privado/3ESE/workspace_osek/app_osek_debounce/osek/inc" -I"/home/pablo/Dropbox/Privado/3ESE/workspace_osek/app_osek_debounce/osek/inc/cortexM4" -I"/home/pablo/Dropbox/Privado/3ESE/workspace_osek/app_osek_debounce/osek/inc/cortexM4/lpc43xx" -I"/home/pablo/Dropbox/Privado/3ESE/workspace_osek/app_osek_debounce/out/inc" -I"/home/pablo/Dropbox/Privado/3ESE/workspace_osek/app_osek_debounce/out/inc/cortexM4" -I"/home/pablo/Dropbox/Privado/3ESE/workspace_osek/lpc_board_nxp_lpcxpresso_1769/inc" -I"/home/pablo/Dropbox/Privado/3ESE/workspace_osek/lpc_chip_175x_6x/inc" -Og -g3 -Wall -c -fmessage-length=0 -mcpu=cortex-m3 -mthumb -specs=redlib.specs -MMD -MP -MF"osek/src/GetEvent.d" -MT"osek/src/GetEvent.o" -MT"osek/src/GetEvent.d" -o "osek/src/GetEvent.o" "../osek/src/GetEvent.c"
Finished building: ../osek/src/GetEvent.c
 
Building file: ../osek/src/GetResource.c
Invoking: MCU C Compiler
arm-none-eabi-gcc -D__REDLIB__ -D__CODE_RED -DCPUTYPE=lpc43xx -DARCH=cortexM4 -DCPU=lpc4337 -DCORE_M3 -D__USE_LPCOPEN -D__LPC17XX__ -I"/home/pablo/Dropbox/Privado/3ESE/workspace_osek/app_osek_debounce/inc" -I"/home/pablo/Dropbox/Privado/3ESE/workspace_osek/app_osek_debounce/osek/inc" -I"/home/pablo/Dropbox/Privado/3ESE/workspace_osek/app_osek_debounce/osek/inc/cortexM4" -I"/home/pablo/Dropbox/Privado/3ESE/workspace_osek/app_osek_debounce/osek/inc/cortexM4/lpc43xx" -I"/home/pablo/Dropbox/Privado/3ESE/workspace_osek/app_osek_debounce/out/inc" -I"/home/pablo/Dropbox/Privado/3ESE/workspace_osek/app_osek_debounce/out/inc/cortexM4" -I"/home/pablo/Dropbox/Privado/3ESE/workspace_osek/lpc_board_nxp_lpcxpresso_1769/inc" -I"/home/pablo/Dropbox/Privado/3ESE/workspace_osek/lpc_chip_175x_6x/inc" -Og -g3 -Wall -c -fmessage-length=0 -mcpu=cortex-m3 -mthumb -specs=redlib.specs -MMD -MP -MF"osek/src/GetResource.d" -MT"osek/src/GetResource.o" -MT"osek/src/GetResource.d" -o "osek/src/GetResource.o" "../osek/src/GetResource.c"
Finished building: ../osek/src/GetResource.c
 
Building file: ../osek/src/GetTaskID.c
Invoking: MCU C Compiler
arm-none-eabi-gcc -D__REDLIB__ -D__CODE_RED -DCPUTYPE=lpc43xx -DARCH=cortexM4 -DCPU=lpc4337 -DCORE_M3 -D__USE_LPCOPEN -D__LPC17XX__ -I"/home/pablo/Dropbox/Privado/3ESE/workspace_osek/app_osek_debounce/inc" -I"/home/pablo/Dropbox/Privado/3ESE/workspace_osek/app_osek_debounce/osek/inc" -I"/home/pablo/Dropbox/Privado/3ESE/workspace_osek/app_osek_debounce/osek/inc/cortexM4" -I"/home/pablo/Dropbox/Privado/3ESE/workspace_osek/app_osek_debounce/osek/inc/cortexM4/lpc43xx" -I"/home/pablo/Dropbox/Privado/3ESE/workspace_osek/app_osek_debounce/out/inc" -I"/home/pablo/Dropbox/Privado/3ESE/workspace_osek/app_osek_debounce/out/inc/cortexM4" -I"/home/pablo/Dropbox/Privado/3ESE/workspace_osek/lpc_board_nxp_lpcxpresso_1769/inc" -I"/home/pablo/Dropbox/Privado/3ESE/workspace_osek/lpc_chip_175x_6x/inc" -Og -g3 -Wall -c -fmessage-length=0 -mcpu=cortex-m3 -mthumb -specs=redlib.specs -MMD -MP -MF"osek/src/GetTaskID.d" -MT"osek/src/GetTaskID.o" -MT"osek/src/GetTaskID.d" -o "osek/src/GetTaskID.o" "../osek/src/GetTaskID.c"
Finished building: ../osek/src/GetTaskID.c
 
Building file: ../osek/src/GetTaskState.c
Invoking: MCU C Compiler
arm-none-eabi-gcc -D__REDLIB__ -D__CODE_RED -DCPUTYPE=lpc43xx -DARCH=cortexM4 -DCPU=lpc4337 -DCORE_M3 -D__USE_LPCOPEN -D__LPC17XX__ -I"/home/pablo/Dropbox/Privado/3ESE/workspace_osek/app_osek_debounce/inc" -I"/home/pablo/Dropbox/Privado/3ESE/workspace_osek/app_osek_debounce/osek/inc" -I"/home/pablo/Dropbox/Privado/3ESE/workspace_osek/app_osek_debounce/osek/inc/cortexM4" -I"/home/pablo/Dropbox/Privado/3ESE/workspace_osek/app_osek_debounce/osek/inc/cortexM4/lpc43xx" -I"/home/pablo/Dropbox/Privado/3ESE/workspace_osek/app_osek_debounce/out/inc" -I"/home/pablo/Dropbox/Privado/3ESE/workspace_osek/app_osek_debounce/out/inc/cortexM4" -I"/home/pablo/Dropbox/Privado/3ESE/workspace_osek/lpc_board_nxp_lpcxpresso_1769/inc" -I"/home/pablo/Dropbox/Privado/3ESE/workspace_osek/lpc_chip_175x_6x/inc" -Og -g3 -Wall -c -fmessage-length=0 -mcpu=cortex-m3 -mthumb -specs=redlib.specs -MMD -MP -MF"osek/src/GetTaskState.d" -MT"osek/src/GetTaskState.o" -MT"osek/src/GetTaskState.d" -o "osek/src/GetTaskState.o" "../osek/src/GetTaskState.c"
Finished building: ../osek/src/GetTaskState.c
 
Building file: ../osek/src/Os.c
Invoking: MCU C Compiler
arm-none-eabi-gcc -D__REDLIB__ -D__CODE_RED -DCPUTYPE=lpc43xx -DARCH=cortexM4 -DCPU=lpc4337 -DCORE_M3 -D__USE_LPCOPEN -D__LPC17XX__ -I"/home/pablo/Dropbox/Privado/3ESE/workspace_osek/app_osek_debounce/inc" -I"/home/pablo/Dropbox/Privado/3ESE/workspace_osek/app_osek_debounce/osek/inc" -I"/home/pablo/Dropbox/Privado/3ESE/workspace_osek/app_osek_debounce/osek/inc/cortexM4" -I"/home/pablo/Dropbox/Privado/3ESE/workspace_osek/app_osek_debounce/osek/inc/cortexM4/lpc43xx" -I"/home/pablo/Dropbox/Privado/3ESE/workspace_osek/app_osek_debounce/out/inc" -I"/home/pablo/Dropbox/Privado/3ESE/workspace_osek/app_osek_debounce/out/inc/cortexM4" -I"/home/pablo/Dropbox/Privado/3ESE/workspace_osek/lpc_board_nxp_lpcxpresso_1769/inc" -I"/home/pablo/Dropbox/Privado/3ESE/workspace_osek/lpc_chip_175x_6x/inc" -Og -g3 -Wall -c -fmessage-length=0 -mcpu=cortex-m3 -mthumb -specs=redlib.specs -MMD -MP -MF"osek/src/Os.d" -MT"osek/src/Os.o" -MT"osek/src/Os.d" -o "osek/src/Os.o" "../osek/src/Os.c"
Finished building: ../osek/src/Os.c
 
Building file: ../osek/src/Os_Internal.c
Invoking: MCU C Compiler
arm-none-eabi-gcc -D__REDLIB__ -D__CODE_RED -DCPUTYPE=lpc43xx -DARCH=cortexM4 -DCPU=lpc4337 -DCORE_M3 -D__USE_LPCOPEN -D__LPC17XX__ -I"/home/pablo/Dropbox/Privado/3ESE/workspace_osek/app_osek_debounce/inc" -I"/home/pablo/Dropbox/Privado/3ESE/workspace_osek/app_osek_debounce/osek/inc" -I"/home/pablo/Dropbox/Privado/3ESE/workspace_osek/app_osek_debounce/osek/inc/cortexM4" -I"/home/pablo/Dropbox/Privado/3ESE/workspace_osek/app_osek_debounce/osek/inc/cortexM4/lpc43xx" -I"/home/pablo/Dropbox/Privado/3ESE/workspace_osek/app_osek_debounce/out/inc" -I"/home/pablo/Dropbox/Privado/3ESE/workspace_osek/app_osek_debounce/out/inc/cortexM4" -I"/home/pablo/Dropbox/Privado/3ESE/workspace_osek/lpc_board_nxp_lpcxpresso_1769/inc" -I"/home/pablo/Dropbox/Privado/3ESE/workspace_osek/lpc_chip_175x_6x/inc" -Og -g3 -Wall -c -fmessage-length=0 -mcpu=cortex-m3 -mthumb -specs=redlib.specs -MMD -MP -MF"osek/src/Os_Internal.d" -MT"osek/src/Os_Internal.o" -MT"osek/src/Os_Internal.d" -o "osek/src/Os_Internal.o" "../osek/src/Os_Internal.c"
Finished building: ../osek/src/Os_Internal.c
 
Building file: ../osek/src/ReleaseResource.c
Invoking: MCU C Compiler
arm-none-eabi-gcc -D__REDLIB__ -D__CODE_RED -DCPUTYPE=lpc43xx -DARCH=cortexM4 -DCPU=lpc4337 -DCORE_M3 -D__USE_LPCOPEN -D__LPC17XX__ -I"/home/pablo/Dropbox/Privado/3ESE/workspace_osek/app_osek_debounce/inc" -I"/home/pablo/Dropbox/Privado/3ESE/workspace_osek/app_osek_debounce/osek/inc" -I"/home/pablo/Dropbox/Privado/3ESE/workspace_osek/app_osek_debounce/osek/inc/cortexM4" -I"/home/pablo/Dropbox/Privado/3ESE/workspace_osek/app_osek_debounce/osek/inc/cortexM4/lpc43xx" -I"/home/pablo/Dropbox/Privado/3ESE/workspace_osek/app_osek_debounce/out/inc" -I"/home/pablo/Dropbox/Privado/3ESE/workspace_osek/app_osek_debounce/out/inc/cortexM4" -I"/home/pablo/Dropbox/Privado/3ESE/workspace_osek/lpc_board_nxp_lpcxpresso_1769/inc" -I"/home/pablo/Dropbox/Privado/3ESE/workspace_osek/lpc_chip_175x_6x/inc" -Og -g3 -Wall -c -fmessage-length=0 -mcpu=cortex-m3 -mthumb -specs=redlib.specs -MMD -MP -MF"osek/src/ReleaseResource.d" -MT"osek/src/ReleaseResource.o" -MT"osek/src/ReleaseResource.d" -o "osek/src/ReleaseResource.o" "../osek/src/ReleaseResource.c"
Finished building: ../osek/src/ReleaseResource.c
 
Building file: ../osek/src/Schedule.c
Invoking: MCU C Compiler
arm-none-eabi-gcc -D__REDLIB__ -D__CODE_RED -DCPUTYPE=lpc43xx -DARCH=cortexM4 -DCPU=lpc4337 -DCORE_M3 -D__USE_LPCOPEN -D__LPC17XX__ -I"/home/pablo/Dropbox/Privado/3ESE/workspace_osek/app_osek_debounce/inc" -I"/home/pablo/Dropbox/Privado/3ESE/workspace_osek/app_osek_debounce/osek/inc" -I"/home/pablo/Dropbox/Privado/3ESE/workspace_osek/app_osek_debounce/osek/inc/cortexM4" -I"/home/pablo/Dropbox/Privado/3ESE/workspace_osek/app_osek_debounce/osek/inc/cortexM4/lpc43xx" -I"/home/pablo/Dropbox/Privado/3ESE/workspace_osek/app_osek_debounce/out/inc" -I"/home/pablo/Dropbox/Privado/3ESE/workspace_osek/app_osek_debounce/out/inc/cortexM4" -I"/home/pablo/Dropbox/Privado/3ESE/workspace_osek/lpc_board_nxp_lpcxpresso_1769/inc" -I"/home/pablo/Dropbox/Privado/3ESE/workspace_osek/lpc_chip_175x_6x/inc" -Og -g3 -Wall -c -fmessage-length=0 -mcpu=cortex-m3 -mthumb -specs=redlib.specs -MMD -MP -MF"osek/src/Schedule.d" -MT"osek/src/Schedule.o" -MT"osek/src/Schedule.d" -o "osek/src/Schedule.o" "../osek/src/Schedule.c"
Finished building: ../osek/src/Schedule.c
 
Building file: ../osek/src/SetAbsAlarm.c
Invoking: MCU C Compiler
arm-none-eabi-gcc -D__REDLIB__ -D__CODE_RED -DCPUTYPE=lpc43xx -DARCH=cortexM4 -DCPU=lpc4337 -DCORE_M3 -D__USE_LPCOPEN -D__LPC17XX__ -I"/home/pablo/Dropbox/Privado/3ESE/workspace_osek/app_osek_debounce/inc" -I"/home/pablo/Dropbox/Privado/3ESE/workspace_osek/app_osek_debounce/osek/inc" -I"/home/pablo/Dropbox/Privado/3ESE/workspace_osek/app_osek_debounce/osek/inc/cortexM4" -I"/home/pablo/Dropbox/Privado/3ESE/workspace_osek/app_osek_debounce/osek/inc/cortexM4/lpc43xx" -I"/home/pablo/Dropbox/Privado/3ESE/workspace_osek/app_osek_debounce/out/inc" -I"/home/pablo/Dropbox/Privado/3ESE/workspace_osek/app_osek_debounce/out/inc/cortexM4" -I"/home/pablo/Dropbox/Privado/3ESE/workspace_osek/lpc_board_nxp_lpcxpresso_1769/inc" -I"/home/pablo/Dropbox/Privado/3ESE/workspace_osek/lpc_chip_175x_6x/inc" -Og -g3 -Wall -c -fmessage-length=0 -mcpu=cortex-m3 -mthumb -specs=redlib.specs -MMD -MP -MF"osek/src/SetAbsAlarm.d" -MT"osek/src/SetAbsAlarm.o" -MT"osek/src/SetAbsAlarm.d" -o "osek/src/SetAbsAlarm.o" "../osek/src/SetAbsAlarm.c"
Finished building: ../osek/src/SetAbsAlarm.c
 
Building file: ../osek/src/SetEvent.c
Invoking: MCU C Compiler
arm-none-eabi-gcc -D__REDLIB__ -D__CODE_RED -DCPUTYPE=lpc43xx -DARCH=cortexM4 -DCPU=lpc4337 -DCORE_M3 -D__USE_LPCOPEN -D__LPC17XX__ -I"/home/pablo/Dropbox/Privado/3ESE/workspace_osek/app_osek_debounce/inc" -I"/home/pablo/Dropbox/Privado/3ESE/workspace_osek/app_osek_debounce/osek/inc" -I"/home/pablo/Dropbox/Privado/3ESE/workspace_osek/app_osek_debounce/osek/inc/cortexM4" -I"/home/pablo/Dropbox/Privado/3ESE/workspace_osek/app_osek_debounce/osek/inc/cortexM4/lpc43xx" -I"/home/pablo/Dropbox/Privado/3ESE/workspace_osek/app_osek_debounce/out/inc" -I"/home/pablo/Dropbox/Privado/3ESE/workspace_osek/app_osek_debounce/out/inc/cortexM4" -I"/home/pablo/Dropbox/Privado/3ESE/workspace_osek/lpc_board_nxp_lpcxpresso_1769/inc" -I"/home/pablo/Dropbox/Privado/3ESE/workspace_osek/lpc_chip_175x_6x/inc" -Og -g3 -Wall -c -fmessage-length=0 -mcpu=cortex-m3 -mthumb -specs=redlib.specs -MMD -MP -MF"osek/src/SetEvent.d" -MT"osek/src/SetEvent.o" -MT"osek/src/SetEvent.d" -o "osek/src/SetEvent.o" "../osek/src/SetEvent.c"
Finished building: ../osek/src/SetEvent.c
 
Building file: ../osek/src/SetRelAlarm.c
Invoking: MCU C Compiler
arm-none-eabi-gcc -D__REDLIB__ -D__CODE_RED -DCPUTYPE=lpc43xx -DARCH=cortexM4 -DCPU=lpc4337 -DCORE_M3 -D__USE_LPCOPEN -D__LPC17XX__ -I"/home/pablo/Dropbox/Privado/3ESE/workspace_osek/app_osek_debounce/inc" -I"/home/pablo/Dropbox/Privado/3ESE/workspace_osek/app_osek_debounce/osek/inc" -I"/home/pablo/Dropbox/Privado/3ESE/workspace_osek/app_osek_debounce/osek/inc/cortexM4" -I"/home/pablo/Dropbox/Privado/3ESE/workspace_osek/app_osek_debounce/osek/inc/cortexM4/lpc43xx" -I"/home/pablo/Dropbox/Privado/3ESE/workspace_osek/app_osek_debounce/out/inc" -I"/home/pablo/Dropbox/Privado/3ESE/workspace_osek/app_osek_debounce/out/inc/cortexM4" -I"/home/pablo/Dropbox/Privado/3ESE/workspace_osek/lpc_board_nxp_lpcxpresso_1769/inc" -I"/home/pablo/Dropbox/Privado/3ESE/workspace_osek/lpc_chip_175x_6x/inc" -Og -g3 -Wall -c -fmessage-length=0 -mcpu=cortex-m3 -mthumb -specs=redlib.specs -MMD -MP -MF"osek/src/SetRelAlarm.d" -MT"osek/src/SetRelAlarm.o" -MT"osek/src/SetRelAlarm.d" -o "osek/src/SetRelAlarm.o" "../osek/src/SetRelAlarm.c"
Finished building: ../osek/src/SetRelAlarm.c
 
Building file: ../osek/src/ShutdownOS.c
Invoking: MCU C Compiler
arm-none-eabi-gcc -D__REDLIB__ -D__CODE_RED -DCPUTYPE=lpc43xx -DARCH=cortexM4 -DCPU=lpc4337 -DCORE_M3 -D__USE_LPCOPEN -D__LPC17XX__ -I"/home/pablo/Dropbox/Privado/3ESE/workspace_osek/app_osek_debounce/inc" -I"/home/pablo/Dropbox/Privado/3ESE/workspace_osek/app_osek_debounce/osek/inc" -I"/home/pablo/Dropbox/Privado/3ESE/workspace_osek/app_osek_debounce/osek/inc/cortexM4" -I"/home/pablo/Dropbox/Privado/3ESE/workspace_osek/app_osek_debounce/osek/inc/cortexM4/lpc43xx" -I"/home/pablo/Dropbox/Privado/3ESE/workspace_osek/app_osek_debounce/out/inc" -I"/home/pablo/Dropbox/Privado/3ESE/workspace_osek/app_osek_debounce/out/inc/cortexM4" -I"/home/pablo/Dropbox/Privado/3ESE/workspace_osek/lpc_board_nxp_lpcxpresso_1769/inc" -I"/home/pablo/Dropbox/Privado/3ESE/workspace_osek/lpc_chip_175x_6x/inc" -Og -g3 -Wall -c -fmessage-length=0 -mcpu=cortex-m3 -mthumb -specs=redlib.specs -MMD -MP -MF"osek/src/ShutdownOS.d" -MT"osek/src/ShutdownOS.o" -MT"osek/src/ShutdownOS.d" -o "osek/src/ShutdownOS.o" "../osek/src/ShutdownOS.c"
Finished building: ../osek/src/ShutdownOS.c
 
Building file: ../osek/src/StartOS.c
Invoking: MCU C Compiler
arm-none-eabi-gcc -D__REDLIB__ -D__CODE_RED -DCPUTYPE=lpc43xx -DARCH=cortexM4 -DCPU=lpc4337 -DCORE_M3 -D__USE_LPCOPEN -D__LPC17XX__ -I"/home/pablo/Dropbox/Privado/3ESE/workspace_osek/app_osek_debounce/inc" -I"/home/pablo/Dropbox/Privado/3ESE/workspace_osek/app_osek_debounce/osek/inc" -I"/home/pablo/Dropbox/Privado/3ESE/workspace_osek/app_osek_debounce/osek/inc/cortexM4" -I"/home/pablo/Dropbox/Privado/3ESE/workspace_osek/app_osek_debounce/osek/inc/cortexM4/lpc43xx" -I"/home/pablo/Dropbox/Privado/3ESE/workspace_osek/app_osek_debounce/out/inc" -I"/home/pablo/Dropbox/Privado/3ESE/workspace_osek/app_osek_debounce/out/inc/cortexM4" -I"/home/pablo/Dropbox/Privado/3ESE/workspace_osek/lpc_board_nxp_lpcxpresso_1769/inc" -I"/home/pablo/Dropbox/Privado/3ESE/workspace_osek/lpc_chip_175x_6x/inc" -Og -g3 -Wall -c -fmessage-length=0 -mcpu=cortex-m3 -mthumb -specs=redlib.specs -MMD -MP -MF"osek/src/StartOS.d" -MT"osek/src/StartOS.o" -MT"osek/src/StartOS.d" -o "osek/src/StartOS.o" "../osek/src/StartOS.c"
Finished building: ../osek/src/StartOS.c
 
Building file: ../osek/src/TerminateTask.c
Invoking: MCU C Compiler
arm-none-eabi-gcc -D__REDLIB__ -D__CODE_RED -DCPUTYPE=lpc43xx -DARCH=cortexM4 -DCPU=lpc4337 -DCORE_M3 -D__USE_LPCOPEN -D__LPC17XX__ -I"/home/pablo/Dropbox/Privado/3ESE/workspace_osek/app_osek_debounce/inc" -I"/home/pablo/Dropbox/Privado/3ESE/workspace_osek/app_osek_debounce/osek/inc" -I"/home/pablo/Dropbox/Privado/3ESE/workspace_osek/app_osek_debounce/osek/inc/cortexM4" -I"/home/pablo/Dropbox/Privado/3ESE/workspace_osek/app_osek_debounce/osek/inc/cortexM4/lpc43xx" -I"/home/pablo/Dropbox/Privado/3ESE/workspace_osek/app_osek_debounce/out/inc" -I"/home/pablo/Dropbox/Privado/3ESE/workspace_osek/app_osek_debounce/out/inc/cortexM4" -I"/home/pablo/Dropbox/Privado/3ESE/workspace_osek/lpc_board_nxp_lpcxpresso_1769/inc" -I"/home/pablo/Dropbox/Privado/3ESE/workspace_osek/lpc_chip_175x_6x/inc" -Og -g3 -Wall -c -fmessage-length=0 -mcpu=cortex-m3 -mthumb -specs=redlib.specs -MMD -MP -MF"osek/src/TerminateTask.d" -MT"osek/src/TerminateTask.o" -MT"osek/src/TerminateTask.d" -o "osek/src/TerminateTask.o" "../osek/src/TerminateTask.c"
Finished building: ../osek/src/TerminateTask.c
 
Building file: ../osek/src/WaitEvent.c
Invoking: MCU C Compiler
arm-none-eabi-gcc -D__REDLIB__ -D__CODE_RED -DCPUTYPE=lpc43xx -DARCH=cortexM4 -DCPU=lpc4337 -DCORE_M3 -D__USE_LPCOPEN -D__LPC17XX__ -I"/home/pablo/Dropbox/Privado/3ESE/workspace_osek/app_osek_debounce/inc" -I"/home/pablo/Dropbox/Privado/3ESE/workspace_osek/app_osek_debounce/osek/inc" -I"/home/pablo/Dropbox/Privado/3ESE/workspace_osek/app_osek_debounce/osek/inc/cortexM4" -I"/home/pablo/Dropbox/Privado/3ESE/workspace_osek/app_osek_debounce/osek/inc/cortexM4/lpc43xx" -I"/home/pablo/Dropbox/Privado/3ESE/workspace_osek/app_osek_debounce/out/inc" -I"/home/pablo/Dropbox/Privado/3ESE/workspace_osek/app_osek_debounce/out/inc/cortexM4" -I"/home/pablo/Dropbox/Privado/3ESE/workspace_osek/lpc_board_nxp_lpcxpresso_1769/inc" -I"/home/pablo/Dropbox/Privado/3ESE/workspace_osek/lpc_chip_175x_6x/inc" -Og -g3 -Wall -c -fmessage-length=0 -mcpu=cortex-m3 -mthumb -specs=redlib.specs -MMD -MP -MF"osek/src/WaitEvent.d" -MT"osek/src/WaitEvent.o" -MT"osek/src/WaitEvent.d" -o "osek/src/WaitEvent.o" "../osek/src/WaitEvent.c"
Finished building: ../osek/src/WaitEvent.c
 
Building target: app_osek_debounce.axf
Invoking: MCU Linker
arm-none-eabi-gcc -nostdlib -L"/home/pablo/Dropbox/Privado/3ESE/workspace_osek/lpc_board_nxp_lpcxpresso_1769/Debug" -L"/home/pablo/Dropbox/Privado/3ESE/workspace_osek/lpc_chip_175x_6x/Debug" -mcpu=cortex-m3 -mthumb -T app_osek_blinky.ld -o "app_osek_debounce.axf"  ./src/cr_startup_lpc175x_6x.o ./src/crp.o ./src/osek_debounce.o ./src/sysinit.o  ./out/src/cortexM4/Os_Internal_Arch_Cfg.o  ./out/src/Os_Cfg.o ./out/src/Os_Internal_Cfg.o  ./osek/src/cortexM4/Os_Arch.o ./osek/src/cortexM4/Os_Internal_Arch.o ./osek/src/cortexM4/PendSV.o ./osek/src/cortexM4/StartOs_Arch.o ./osek/src/cortexM4/StartOs_Arch_SysTick.o  ./osek/src/ActivateTask.o ./osek/src/CancelAlarm.o ./osek/src/ChainTask.o ./osek/src/ClearEvent.o ./osek/src/GetActiveApplicationMode.o ./osek/src/GetAlarm.o ./osek/src/GetAlarmBase.o ./osek/src/GetEvent.o ./osek/src/GetResource.o ./osek/src/GetTaskID.o ./osek/src/GetTaskState.o ./osek/src/Os.o ./osek/src/Os_Internal.o ./osek/src/ReleaseResource.o ./osek/src/Schedule.o ./osek/src/SetAbsAlarm.o ./osek/src/SetEvent.o ./osek/src/SetRelAlarm.o ./osek/src/ShutdownOS.o ./osek/src/StartOS.o ./osek/src/TerminateTask.o ./osek/src/WaitEvent.o   -llpc_board_nxp_lpcxpresso_1769 -llpc_chip_175x_6x
Finished building target: app_osek_debounce.axf
 
make --no-print-directory post-build
Performing post-build steps
arm-none-eabi-size "app_osek_debounce.axf"; # arm-none-eabi-objcopy -v -O binary "app_osek_debounce.axf" "app_osek_debounce.bin" ; # checksum -p LPC1769 -d "app_osek_debounce.bin";
   text	   data	    bss	    dec	    hex	filename
  13852	     12	   2060	  15924	   3e34	app_osek_debounce.axf
 

16:06:03 Build Finished (took 1s.811ms)

